[paths] env overrides applied: {'ASAN_ROOT': '/data/archive/asan-dataset'}

[KeypointEncoder] Uni-Sign architecture (enriched input): 5,346,472 parameters
  Input dim: 1410 (enriched)
  Spatial STGCN: [[64,1], [128,1], [256,1]] per group
  Temporal STGCN: [[256,3]] per group
  Left/right hands share weights
  Output: (B, T, 768)
Warning: You are sending unauthenticated requests to the HF Hub. Please set a HF_TOKEN to enable higher rate limits and faster downloads.
Loading weights:   0%|          | 0/284 [00:00<?, ?it/s]Loading weights: 100%|██████████| 284/284 [00:00<00:00, 78891.47it/s]
[transformers] The tied weights mapping and config for this model specifies to tie shared.weight to lm_head.weight, but both are present in the checkpoints with different values, so we will NOT tie them. You should update the config with `tie_word_embeddings=False` to silence this warning.
[MT5] Loaded google/mt5-base
[MT5] Encoder params: 5,346,472
[MT5] MT5 params: 582,401,280

[MT5 Trainer] Differential LR training:
  Encoder LR: 0.000050 (5,346,472 params)
  MT5 LR:     0.000500 (582,401,280 params)
  Warmup:     1500 steps, then cosine decay
  Features:   enriched (offset + velocity + acc + validity)
[Resume] Loading trainer state from output/ours_enriched_friend_mt5.pth
[Resume] WARNING: checkpoint has no pose_norm -- starting it from default init.
[Resume] WARNING: checkpoint has no optimizer state (saved by an older run) — Adam momentum/variance restart at zero, and the LR schedule restarts from warmup instead of continuing mid-decay (the epoch counter still resumes correctly).
[Resume] checkpoint was at epoch -1 -> continuing from epoch 1, global_step=0, best_loss=inf

[MT5 Trainer] Encoder: 5,346,472 | MT5: 582,401,280
[MT5 Trainer] Device: cuda:0
[asan_kz] informburo/train.json: 5245/5249 clips kept
[asan_kz] khabar/train.json: 21502/21524 clips kept
[asan_kz] qazaqstantv/train.json: 13493/13546 clips kept
[asan_kz] split=train enriched Total: 40240 clips (79 filtered), downsample=2x
[asan_kz] informburo/dev.json: 1241/1241 clips kept
[asan_kz] khabar/dev.json: 4671/4683 clips kept
[asan_kz] qazaqstantv/dev.json: 2990/3000 clips kept
[asan_kz] split=val enriched Total: 8902 clips (22 filtered), downsample=2x
[Datasets] Signer-disjoint split: train=40240, val=8902
[Scheduler] warmup capped: 1500 → 1258 (10% of 12580 total steps)

============================================================
Phase 1: Uni-Sign Encoder + MT5
Epochs: 10 (total, including any already completed)
============================================================

  Batch 500/5030 | Loss: 2.9901
  Batch 1000/5030 | Loss: 2.8297
  Batch 1500/5030 | Loss: 2.7412
  Batch 2000/5030 | Loss: 2.6867
  Batch 2500/5030 | Loss: 2.6448
  Batch 3000/5030 | Loss: 2.6136
  Batch 3500/5030 | Loss: 2.5895
  Batch 4000/5030 | Loss: 2.5640
  Batch 4500/5030 | Loss: 2.5314
  Batch 5000/5030 | Loss: 2.4832
Loading weights:   0%|          | 0/199 [00:00<?, ?it/s]Loading weights: 100%|██████████| 199/199 [00:00<00:00, 14533.38it/s]
[transformers] [1mBertModel LOAD REPORT[0m from: bert-base-multilingual-cased
Key                                        | Status     |  | 
-------------------------------------------+------------+--+-
cls.predictions.transform.LayerNorm.bias   | UNEXPECTED |  | 
cls.predictions.transform.LayerNorm.weight | UNEXPECTED |  | 
cls.predictions.transform.dense.bias       | UNEXPECTED |  | 
cls.seq_relationship.weight                | UNEXPECTED |  | 
cls.predictions.bias                       | UNEXPECTED |  | 
cls.predictions.transform.dense.weight     | UNEXPECTED |  | 
cls.seq_relationship.bias                  | UNEXPECTED |  | 

Notes:
- UNEXPECTED:	can be ignored when loading from different task/architecture; not ok if you expect identical arch.
  REF: енді мектеп мұғалімдері өзі сабақ беретін оқушыға қосымша дәріс өткені үшін ақы 
  HYP: енді мектептерде емін-еркін қызмет көрсете алмайтындар да бар сондай-ақ колледжд
  REF: салтанатты шараға маңғыстау облысының әкімі нұрдәулет қилыбай қатысып екі жобаны
  HYP: атырау облысы мәслихатының төрағасы нұрлан әбдіров атындағы қазақ ұлттық спорт у
  REF: мемлекет осы балаға өзі қаражат бөліп жатыр сол балаға сапалы білім беру бүгінгі
  HYP: яғни мемлекеттік қызметкерлердің жалақысы жоғары болса олардың қызмет көрсету са
Epoch 1/10 | Train: 2.4799 | Val: 2.6979 | WER: 0.9716 | BLEU: 1.10 | ROUGE-1/2/L: 0.087/0.021/0.077 | BERTScore: 0.6709 | LR_enc: 0.000050 | LR_mt5: 0.000500 | Time: 1423.6s
  Saved best (CE: 2.6979, WER: 0.9716, BLEU: 1.10, BERTScore: 0.6709)
  Batch 500/5030 | Loss: 1.7267
  Batch 1000/5030 | Loss: 1.6927
  Batch 1500/5030 | Loss: 1.6617
  Batch 2000/5030 | Loss: 1.6404
  Batch 2500/5030 | Loss: 1.6205
  Batch 3000/5030 | Loss: 1.6073
  Batch 3500/5030 | Loss: 1.5960
  Batch 4000/5030 | Loss: 1.5869
  Batch 4500/5030 | Loss: 1.5803
  Batch 5000/5030 | Loss: 1.5747
Loading weights:   0%|          | 0/199 [00:00<?, ?it/s]Loading weights: 100%|██████████| 199/199 [00:00<00:00, 4845.28it/s]
[transformers] [1mBertModel LOAD REPORT[0m from: bert-base-multilingual-cased
Key                                        | Status     |  | 
-------------------------------------------+------------+--+-
cls.predictions.transform.LayerNorm.bias   | UNEXPECTED |  | 
cls.predictions.transform.LayerNorm.weight | UNEXPECTED |  | 
cls.predictions.transform.dense.bias       | UNEXPECTED |  | 
cls.seq_relationship.weight                | UNEXPECTED |  | 
cls.predictions.bias                       | UNEXPECTED |  | 
cls.predictions.transform.dense.weight     | UNEXPECTED |  | 
cls.seq_relationship.bias                  | UNEXPECTED |  | 

Notes:
- UNEXPECTED:	can be ignored when loading from different task/architecture; not ok if you expect identical arch.
  REF: енді мектеп мұғалімдері өзі сабақ беретін оқушыға қосымша дәріс өткені үшін ақы 
  HYP: енді мектеп мұғалімдері өздерін тәрбиеші болып жұмысқа тарта алмайды өйткені пед
  REF: салтанатты шараға маңғыстау облысының әкімі нұрдәулет қилыбай қатысып екі жобаны
  HYP: алғаш рет спорттық шарада оқушылар спорт білім және ғылым білім бағытында оқиды 
  REF: мемлекет осы балаға өзі қаражат бөліп жатыр сол балаға сапалы білім беру бүгінгі
  HYP: баланың ақыл-есі кемігені мұғалімнің өзі жауапкершілікке тартылуы тиіс деп есепт
Epoch 2/10 | Train: 1.5746 | Val: 2.5382 | WER: 0.9360 | BLEU: 2.52 | ROUGE-1/2/L: 0.144/0.042/0.130 | BERTScore: 0.6983 | LR_enc: 0.000048 | LR_mt5: 0.000485 | Time: 1409.0s
  Saved best (CE: 2.5382, WER: 0.9360, BLEU: 2.52, BERTScore: 0.6983)
  Batch 500/5030 | Loss: 1.2836
  Batch 1000/5030 | Loss: 1.2945
  Batch 1500/5030 | Loss: 1.3066
  Batch 2000/5030 | Loss: 1.3152
  Batch 2500/5030 | Loss: 1.3216
  Batch 3000/5030 | Loss: 1.3273
  Batch 3500/5030 | Loss: 1.3304
  Batch 4000/5030 | Loss: 1.3320
  Batch 4500/5030 | Loss: 1.3356
  Batch 5000/5030 | Loss: 1.3388
Loading weights:   0%|          | 0/199 [00:00<?, ?it/s]Loading weights: 100%|██████████| 199/199 [00:00<00:00, 13525.19it/s]
[transformers] [1mBertModel LOAD REPORT[0m from: bert-base-multilingual-cased
Key                                        | Status     |  | 
-------------------------------------------+------------+--+-
cls.predictions.transform.LayerNorm.bias   | UNEXPECTED |  | 
cls.predictions.transform.LayerNorm.weight | UNEXPECTED |  | 
cls.predictions.transform.dense.bias       | UNEXPECTED |  | 
cls.seq_relationship.weight                | UNEXPECTED |  | 
cls.predictions.bias                       | UNEXPECTED |  | 
cls.predictions.transform.dense.weight     | UNEXPECTED |  | 
cls.seq_relationship.bias                  | UNEXPECTED |  | 

Notes:
- UNEXPECTED:	can be ignored when loading from different task/architecture; not ok if you expect identical arch.
  REF: енді мектеп мұғалімдері өзі сабақ беретін оқушыға қосымша дәріс өткені үшін ақы 
  HYP: енді мектеп мұғалімдерін өз сабақтан тыс уақытта кәсіби даярлықтан өткізе алмайд
  REF: салтанатты шараға маңғыстау облысының әкімі нұрдәулет қилыбай қатысып екі жобаны
  HYP: атырау облысы әкімінің орынбасары нұрлыбек нәлібаев жоба аясында жүзеге асырылып
  REF: мемлекет осы балаға өзі қаражат бөліп жатыр сол балаға сапалы білім беру бүгінгі
  HYP: мұғалімнің жалақысы бар бірақ сапалы білім алуға педагог өз міндетін тиісінше ор
Epoch 3/10 | Train: 1.3392 | Val: 2.5637 | WER: 0.9311 | BLEU: 3.16 | ROUGE-1/2/L: 0.166/0.051/0.152 | BERTScore: 0.7086 | LR_enc: 0.000044 | LR_mt5: 0.000442 | Time: 1411.2s
  Batch 500/5030 | Loss: 1.1304
  Batch 1000/5030 | Loss: 1.1365
  Batch 1500/5030 | Loss: 1.1483
  Batch 2000/5030 | Loss: 1.1576
  Batch 2500/5030 | Loss: 1.1624
  Batch 3000/5030 | Loss: 1.1685
  Batch 3500/5030 | Loss: 1.1716
  Batch 4000/5030 | Loss: 1.1765
  Batch 4500/5030 | Loss: 1.1793
  Batch 5000/5030 | Loss: 1.1826
Loading weights:   0%|          | 0/199 [00:00<?, ?it/s]Loading weights: 100%|██████████| 199/199 [00:00<00:00, 14580.09it/s]
[transformers] [1mBertModel LOAD REPORT[0m from: bert-base-multilingual-cased
Key                                        | Status     |  | 
-------------------------------------------+------------+--+-
cls.predictions.transform.LayerNorm.bias   | UNEXPECTED |  | 
cls.predictions.transform.LayerNorm.weight | UNEXPECTED |  | 
cls.predictions.transform.dense.bias       | UNEXPECTED |  | 
cls.seq_relationship.weight                | UNEXPECTED |  | 
cls.predictions.bias                       | UNEXPECTED |  | 
cls.predictions.transform.dense.weight     | UNEXPECTED |  | 
cls.seq_relationship.bias                  | UNEXPECTED |  | 

Notes:
- UNEXPECTED:	can be ignored when loading from different task/architecture; not ok if you expect identical arch.
  REF: енді мектеп мұғалімдері өзі сабақ беретін оқушыға қосымша дәріс өткені үшін ақы 
  HYP: енді мектеп мұғалімдерін сабақтан тыс уақытта басқа сыныпта оқитын педагогтарды 
  REF: салтанатты шараға маңғыстау облысының әкімі нұрдәулет қилыбай қатысып екі жобаны
  HYP: атырау облысы әкімінің орынбасары нұрлыбек нәлібаев бұл жоба өңірдің дамуына сер
  REF: мемлекет осы балаға өзі қаражат бөліп жатыр сол балаға сапалы білім беру бүгінгі
  HYP: мемлекеттік қызметкердің біліктілігін арттыру мұғалімнің өз міндетін айлығы болу
Epoch 4/10 | Train: 1.1829 | Val: 2.6382 | WER: 0.9097 | BLEU: 3.39 | ROUGE-1/2/L: 0.175/0.058/0.160 | BERTScore: 0.7105 | LR_enc: 0.000038 | LR_mt5: 0.000375 | Time: 1411.6s
  Batch 500/5030 | Loss: 0.9858
  Batch 1000/5030 | Loss: 0.9989
  Batch 1500/5030 | Loss: 1.0098
  Batch 2000/5030 | Loss: 1.0155
[paths] env overrides applied: {'ASAN_ROOT': '/data/archive/asan-dataset'}

[KeypointEncoder] Uni-Sign architecture (enriched input): 5,346,472 parameters
  Input dim: 1410 (enriched)
  Spatial STGCN: [[64,1], [128,1], [256,1]] per group
  Temporal STGCN: [[256,3]] per group
  Left/right hands share weights
  Output: (B, T, 768)
Warning: You are sending unauthenticated requests to the HF Hub. Please set a HF_TOKEN to enable higher rate limits and faster downloads.
Loading weights:   0%|          | 0/284 [00:00<?, ?it/s]Loading weights: 100%|██████████| 284/284 [00:00<00:00, 70764.71it/s]
[transformers] The tied weights mapping and config for this model specifies to tie shared.weight to lm_head.weight, but both are present in the checkpoints with different values, so we will NOT tie them. You should update the config with `tie_word_embeddings=False` to silence this warning.
[MT5] Loaded google/mt5-base
[MT5] Encoder params: 5,346,472
[MT5] MT5 params: 582,401,280

[MT5 Trainer] Differential LR training:
  Encoder LR: 0.000050 (5,346,472 params)
  MT5 LR:     0.000500 (582,401,280 params)
  Warmup:     1500 steps, then cosine decay
  Features:   enriched (offset + velocity + acc + validity)
[Resume] Loading trainer state from output/abl_baseline/phase1_mt5_best.pth
[Resume] checkpoint was at epoch 1 -> continuing from epoch 3, global_step=2516, best_loss=2.5382

[MT5 Trainer] Encoder: 5,346,472 | MT5: 582,401,280
[MT5 Trainer] Device: cuda:0
[asan_kz] informburo/train.json: 5245/5249 clips kept
[asan_kz] khabar/train.json: 21502/21524 clips kept
[asan_kz] qazaqstantv/train.json: 13493/13546 clips kept
[asan_kz] split=train enriched Total: 40240 clips (79 filtered), downsample=2x
[asan_kz] informburo/dev.json: 1241/1241 clips kept
[asan_kz] khabar/dev.json: 4671/4683 clips kept
[asan_kz] qazaqstantv/dev.json: 2990/3000 clips kept
[asan_kz] split=val enriched Total: 8902 clips (22 filtered), downsample=2x
[Datasets] Signer-disjoint split: train=40240, val=8902
[Scheduler] warmup capped: 1500 → 1258 (10% of 12580 total steps)

============================================================
Phase 1: Uni-Sign Encoder + MT5
Resuming at epoch 3, global_step=2516
Epochs: 10 (total, including any already completed)
============================================================

  Batch 500/5030 | Loss: 1.2847
  Batch 1000/5030 | Loss: 1.2998
  Batch 1500/5030 | Loss: 1.3093
  Batch 2000/5030 | Loss: 1.3171
  Batch 2500/5030 | Loss: 1.3245
  Batch 3000/5030 | Loss: 1.3282
  Batch 3500/5030 | Loss: 1.3327
  Batch 4000/5030 | Loss: 1.3369
  Batch 4500/5030 | Loss: 1.3406
  Batch 5000/5030 | Loss: 1.3435
Loading weights:   0%|          | 0/199 [00:00<?, ?it/s]Loading weights: 100%|██████████| 199/199 [00:00<00:00, 15107.09it/s]
[transformers] [1mBertModel LOAD REPORT[0m from: bert-base-multilingual-cased
Key                                        | Status     |  | 
-------------------------------------------+------------+--+-
cls.seq_relationship.weight                | UNEXPECTED |  | 
cls.predictions.transform.dense.weight     | UNEXPECTED |  | 
cls.predictions.transform.LayerNorm.weight | UNEXPECTED |  | 
cls.predictions.transform.LayerNorm.bias   | UNEXPECTED |  | 
cls.seq_relationship.bias                  | UNEXPECTED |  | 
cls.predictions.transform.dense.bias       | UNEXPECTED |  | 
cls.predictions.bias                       | UNEXPECTED |  | 

Notes:
- UNEXPECTED:	can be ignored when loading from different task/architecture; not ok if you expect identical arch.
  REF: енді мектеп мұғалімдері өзі сабақ беретін оқушыға қосымша дәріс өткені үшін ақы 
  HYP: енді мектеп мұғалімдерін өзінің тәрбиесін бөлек-бөлек ала алмайды педагогикалық 
  REF: салтанатты шараға маңғыстау облысының әкімі нұрдәулет қилыбай қатысып екі жобаны
  HYP: атырау облысы әкімінің орынбасары нұрлыбек нәлібаев жоба аясында жүзеге асырылып
  REF: мемлекет осы балаға өзі қаражат бөліп жатыр сол балаға сапалы білім беру бүгінгі
  HYP: мемлекет тарапынан көрсетіліп жатқан білім сапасы мұғалімдердің өз міндеттемелер
Epoch 3/10 | Train: 1.3437 | Val: 2.5424 | WER: 0.9288 | BLEU: 3.33 | ROUGE-1/2/L: 0.170/0.053/0.155 | BERTScore: 0.7102 | LR_enc: 0.000044 | LR_mt5: 0.000442 | Time: 1407.1s
  Batch 500/5030 | Loss: 1.1327
  Batch 1000/5030 | Loss: 1.1406
  Batch 1500/5030 | Loss: 1.1435
  Batch 2000/5030 | Loss: 1.1500
  Batch 2500/5030 | Loss: 1.1543
  Batch 3000/5030 | Loss: 1.1629
  Batch 3500/5030 | Loss: 1.1681
  Batch 4000/5030 | Loss: 1.1720
  Batch 4500/5030 | Loss: 1.1767
  Batch 5000/5030 | Loss: 1.1788
Loading weights:   0%|          | 0/199 [00:00<?, ?it/s]Loading weights: 100%|██████████| 199/199 [00:00<00:00, 14049.73it/s]
[transformers] [1mBertModel LOAD REPORT[0m from: bert-base-multilingual-cased
Key                                        | Status     |  | 
-------------------------------------------+------------+--+-
cls.seq_relationship.weight                | UNEXPECTED |  | 
cls.predictions.transform.dense.weight     | UNEXPECTED |  | 
cls.predictions.transform.LayerNorm.weight | UNEXPECTED |  | 
cls.predictions.transform.LayerNorm.bias   | UNEXPECTED |  | 
cls.seq_relationship.bias                  | UNEXPECTED |  | 
cls.predictions.transform.dense.bias       | UNEXPECTED |  | 
cls.predictions.bias                       | UNEXPECTED |  | 

Notes:
- UNEXPECTED:	can be ignored when loading from different task/architecture; not ok if you expect identical arch.
  REF: енді мектеп мұғалімдері өзі сабақ беретін оқушыға қосымша дәріс өткені үшін ақы 
  HYP: енді мектеп мұғалімдерін тәрбиеге басқа тәрбие ретінде қабылдай алмайды өйткені 
  REF: салтанатты шараға маңғыстау облысының әкімі нұрдәулет қилыбай қатысып екі жобаны
  HYP: атырау облысы әкімінің орынбасары нұрлыбек нәлібаев қатысып екі бірдей жобаны жү
  REF: мемлекет осы балаға өзі қаражат бөліп жатыр сол балаға сапалы білім беру бүгінгі
  HYP: мемлекет тарапынан көрсетіліп жатқан білім сапасын шыңдау үшін мұғалімдер өз мін
Epoch 4/10 | Train: 1.1791 | Val: 2.6495 | WER: 0.9260 | BLEU: 3.36 | ROUGE-1/2/L: 0.166/0.052/0.152 | BERTScore: 0.7103 | LR_enc: 0.000038 | LR_mt5: 0.000375 | Time: 1409.9s
  Batch 500/5030 | Loss: 1.0044
  Batch 1000/5030 | Loss: 1.0073
  Batch 1500/5030 | Loss: 1.0105
  Batch 2000/5030 | Loss: 1.0214
  Batch 2500/5030 | Loss: 1.0259
  Batch 3000/5030 | Loss: 1.0281
  Batch 3500/5030 | Loss: 1.0320
  Batch 4000/5030 | Loss: 1.0356
  Batch 4500/5030 | Loss: 1.0382
  Batch 5000/5030 | Loss: 1.0407
Loading weights:   0%|          | 0/199 [00:00<?, ?it/s]Loading weights: 100%|██████████| 199/199 [00:00<00:00, 14918.61it/s]
[transformers] [1mBertModel LOAD REPORT[0m from: bert-base-multilingual-cased
Key                                        | Status     |  | 
-------------------------------------------+------------+--+-
cls.seq_relationship.weight                | UNEXPECTED |  | 
cls.predictions.transform.dense.weight     | UNEXPECTED |  | 
cls.predictions.transform.LayerNorm.weight | UNEXPECTED |  | 
cls.predictions.transform.LayerNorm.bias   | UNEXPECTED |  | 
cls.seq_relationship.bias                  | UNEXPECTED |  | 
cls.predictions.transform.dense.bias       | UNEXPECTED |  | 
cls.predictions.bias                       | UNEXPECTED |  | 

Notes:
- UNEXPECTED:	can be ignored when loading from different task/architecture; not ok if you expect identical arch.
  REF: енді мектеп мұғалімдері өзі сабақ беретін оқушыға қосымша дәріс өткені үшін ақы 
  HYP: енді мектептерде ұстаздар тәрбиеші мамандыққа ауыса алмайды өйткені педагогтар б
  REF: салтанатты шараға маңғыстау облысының әкімі нұрдәулет қилыбай қатысып екі жобаны
  HYP: өңір басшысының орынбасары нұрлыбек нәлібаев өңірдің дамуына елеулі үлес қосып ж
  REF: мемлекет осы балаға өзі қаражат бөліп жатыр сол балаға сапалы білім беру бүгінгі
  HYP: мемлекет тарапынан көрсетіліп жатыр сапалы тәрбие беру үшін мұғалімдердің өз мін
Epoch 5/10 | Train: 1.0409 | Val: 2.7316 | WER: 0.9161 | BLEU: 3.34 | ROUGE-1/2/L: 0.168/0.055/0.154 | BERTScore: 0.7112 | LR_enc: 0.000029 | LR_mt5: 0.000293 | Time: 1409.9s
  Batch 500/5030 | Loss: 0.8786
  Batch 1000/5030 | Loss: 0.8861
  Batch 1500/5030 | Loss: 0.8929
  Batch 2000/5030 | Loss: 0.8980
  Batch 2500/5030 | Loss: 0.9003
  Batch 3000/5030 | Loss: 0.9045
  Batch 3500/5030 | Loss: 0.9063
  Batch 4000/5030 | Loss: 0.9088
  Batch 4500/5030 | Loss: 0.9119
  Batch 5000/5030 | Loss: 0.9128
Loading weights:   0%|          | 0/199 [00:00<?, ?it/s]Loading weights: 100%|██████████| 199/199 [00:00<00:00, 14788.56it/s]
[transformers] [1mBertModel LOAD REPORT[0m from: bert-base-multilingual-cased
Key                                        | Status     |  | 
-------------------------------------------+------------+--+-
cls.seq_relationship.weight                | UNEXPECTED |  | 
cls.predictions.transform.dense.weight     | UNEXPECTED |  | 
cls.predictions.transform.LayerNorm.weight | UNEXPECTED |  | 
cls.predictions.transform.LayerNorm.bias   | UNEXPECTED |  | 
cls.seq_relationship.bias                  | UNEXPECTED |  | 
cls.predictions.transform.dense.bias       | UNEXPECTED |  | 
cls.predictions.bias                       | UNEXPECTED |  | 

Notes:
- UNEXPECTED:	can be ignored when loading from different task/architecture; not ok if you expect identical arch.
  REF: енді мектеп мұғалімдері өзі сабақ беретін оқушыға қосымша дәріс өткені үшін ақы 
  HYP: енді мектеп мұғалімдері өздерін тәрбиеге баулу үшін қайта міндеттей алмайды өйтк
  REF: салтанатты шараға маңғыстау облысының әкімі нұрдәулет қилыбай қатысып екі жобаны
  HYP: өңір басшысының орынбасары нұрлыбек нәлібаев екі бірдей жобаның жүзеге асырылуы 
  REF: мемлекет осы балаға өзі қаражат бөліп жатыр сол балаға сапалы білім беру бүгінгі
  HYP: мемлекет тарапынан көрсетіліп жатқан қолдау көрсетіледі тіпті сапалы тәрбие беру
Epoch 6/10 | Train: 0.9129 | Val: 2.8475 | WER: 0.9122 | BLEU: 3.38 | ROUGE-1/2/L: 0.176/0.058/0.163 | BERTScore: 0.7132 | LR_enc: 0.000021 | LR_mt5: 0.000207 | Time: 1412.3s
  Batch 500/5030 | Loss: 0.7816
  Batch 1000/5030 | Loss: 0.7956
  Batch 1500/5030 | Loss: 0.7992
  Batch 2000/5030 | Loss: 0.7990
  Batch 2500/5030 | Loss: 0.8003
